// Jest Snapshot v1, https://goo.gl/fbAQLP

exports[`controllers Input read: should match snapshot 1`] = `
Object {
  "gridCoordinates": "4 4",
  "rocketConfiguration": Array [
    Object {
      "commandList": "RMLMRM",
      "coordinates": Object {
        "x": 0,
        "y": 1,
      },
      "orientation": "N",
    },
  ],
}
`;
