// Jest Snapshot v1, https://goo.gl/fbAQLP

exports[`enums Command should return the Command object 1`] = `
Object {
  "Left": "L",
  "Move": "M",
  "Right": "R",
}
`;
